2026-05-12T09:58:44.020Z [ERROR]: [Lock] Failed to acquire distributed lock {"key":"reviewCron","error":"14 UNAVAILABLE: Name resolution failed for target dns:firestore.googleapis.com:443"}
2026-05-12T10:03:43.559Z [ERROR]: [Lock] Failed to acquire distributed lock {"key":"reviewCron","error":"14 UNAVAILABLE: Name resolution failed for target dns:firestore.googleapis.com:443"}
2026-05-12T10:08:44.072Z [ERROR]: [Lock] Failed to acquire distributed lock {"key":"reviewCron","error":"14 UNAVAILABLE: Name resolution failed for target dns:firestore.googleapis.com:443"}
2026-05-12T10:13:47.443Z [ERROR]: [Lock] Failed to acquire distributed lock {"key":"reviewCron","error":"14 UNAVAILABLE: Name resolution failed for target dns:firestore.googleapis.com:443"}
2026-05-12T10:18:48.015Z [ERROR]: [Lock] Failed to acquire distributed lock {"key":"reviewCron","error":"14 UNAVAILABLE: Name resolution failed for target dns:firestore.googleapis.com:443"}
2026-05-12T10:23:39.648Z [ERROR]: [Lock] Failed to acquire distributed lock {"key":"reviewCron","error":"14 UNAVAILABLE: Name resolution failed for target dns:firestore.googleapis.com:443"}
2026-05-12T11:30:34.929Z [ERROR]: [Lock] Failed to acquire distributed lock {"key":"reviewCron","error":"14 UNAVAILABLE: Name resolution failed for target dns:firestore.googleapis.com:443"}
2026-05-12T11:55:02.211Z [ERROR]: [Lock] Failed to acquire distributed lock {"key":"reviewCron","error":"5 NOT_FOUND: "}
2026-05-12T12:00:02.386Z [ERROR]: [Lock] Failed to acquire distributed lock {"key":"reviewCron","error":"5 NOT_FOUND: "}
2026-05-12T12:05:01.676Z [ERROR]: [Lock] Failed to acquire distributed lock {"key":"reviewCron","error":"5 NOT_FOUND: "}
2026-05-12T12:10:01.917Z [ERROR]: [Lock] Failed to acquire distributed lock {"key":"reviewCron","error":"5 NOT_FOUND: "}
2026-05-12T12:15:00.852Z [ERROR]: [Lock] Failed to acquire distributed lock {"key":"reviewCron","error":"5 NOT_FOUND: "}
2026-05-12T12:20:01.168Z [ERROR]: [Lock] Failed to acquire distributed lock {"key":"reviewCron","error":"5 NOT_FOUND: "}
2026-05-12T12:25:01.308Z [ERROR]: [Lock] Failed to acquire distributed lock {"key":"reviewCron","error":"5 NOT_FOUND: "}
2026-05-12T12:30:01.242Z [ERROR]: [Lock] Failed to acquire distributed lock {"key":"reviewCron","error":"5 NOT_FOUND: "}
2026-05-12T12:40:01.030Z [ERROR]: [Lock] Failed to acquire distributed lock {"key":"reviewCron","error":"5 NOT_FOUND: "}
2026-05-12T12:45:01.358Z [ERROR]: [Lock] Failed to acquire distributed lock {"key":"reviewCron","error":"5 NOT_FOUND: "}
2026-05-12T12:50:01.291Z [ERROR]: [Lock] Failed to acquire distributed lock {"key":"reviewCron","error":"5 NOT_FOUND: "}
2026-05-12T12:55:01.072Z [ERROR]: [Lock] Failed to acquire distributed lock {"key":"reviewCron","error":"5 NOT_FOUND: "}
2026-05-12T13:00:00.970Z [ERROR]: [Lock] Failed to acquire distributed lock {"key":"reviewCron","error":"5 NOT_FOUND: "}
2026-05-12T13:05:00.803Z [ERROR]: [Lock] Failed to acquire distributed lock {"key":"reviewCron","error":"5 NOT_FOUND: "}
2026-05-12T13:10:00.843Z [ERROR]: [Lock] Failed to acquire distributed lock {"key":"reviewCron","error":"5 NOT_FOUND: "}
2026-05-12T13:15:01.262Z [ERROR]: [Lock] Failed to acquire distributed lock {"key":"reviewCron","error":"5 NOT_FOUND: "}
2026-05-12T13:20:01.013Z [ERROR]: [Lock] Failed to acquire distributed lock {"key":"reviewCron","error":"5 NOT_FOUND: "}
2026-05-12T14:50:04.367Z [ERROR]: [Lock] Failed to acquire distributed lock {"key":"reviewCron","error":"5 NOT_FOUND: "}
2026-05-12T14:55:01.497Z [ERROR]: [Lock] Failed to acquire distributed lock {"key":"reviewCron","error":"5 NOT_FOUND: "}
2026-05-12T15:00:01.475Z [ERROR]: [Lock] Failed to acquire distributed lock {"key":"reviewCron","error":"5 NOT_FOUND: "}
2026-05-12T15:05:02.251Z [ERROR]: [Lock] Failed to acquire distributed lock {"key":"reviewCron","error":"5 NOT_FOUND: "}
2026-05-12T15:05:11.382Z [ERROR]: [GoogleAuth] Failed to fetch status {"error":"5 NOT_FOUND: "}
2026-05-12T15:05:12.793Z [ERROR]: [GoogleAuth] Failed to fetch status {"error":"5 NOT_FOUND: "}
2026-05-12T15:05:31.881Z [ERROR]: [GoogleAuth] Failed to fetch status {"error":"5 NOT_FOUND: "}
2026-05-12T15:05:38.095Z [ERROR]: [GoogleAuth] Failed to fetch status {"error":"5 NOT_FOUND: "}
2026-05-12T15:05:41.148Z [ERROR]: [GoogleAuth] Failed to fetch status {"error":"5 NOT_FOUND: "}
2026-05-12T15:05:43.640Z [ERROR]: [GoogleAuth] Failed to fetch status {"error":"5 NOT_FOUND: "}
2026-05-12T15:05:52.223Z [ERROR]: [GoogleAuth] Failed to fetch status {"error":"5 NOT_FOUND: "}
2026-05-12T15:05:53.352Z [ERROR]: [GoogleAuth] Failed to fetch status {"error":"5 NOT_FOUND: "}
2026-05-12T15:10:01.413Z [ERROR]: [Lock] Failed to acquire distributed lock {"key":"reviewCron","error":"5 NOT_FOUND: "}
2026-05-12T15:15:01.136Z [ERROR]: [Lock] Failed to acquire distributed lock {"key":"reviewCron","error":"5 NOT_FOUND: "}
2026-05-12T15:20:01.568Z [ERROR]: [Lock] Failed to acquire distributed lock {"key":"reviewCron","error":"5 NOT_FOUND: "}
2026-05-12T15:25:01.277Z [ERROR]: [Lock] Failed to acquire distributed lock {"key":"reviewCron","error":"5 NOT_FOUND: "}
2026-05-12T15:30:01.184Z [ERROR]: [Lock] Failed to acquire distributed lock {"key":"reviewCron","error":"5 NOT_FOUND: "}
2026-05-12T15:35:01.514Z [ERROR]: [Lock] Failed to acquire distributed lock {"key":"reviewCron","error":"5 NOT_FOUND: "}
2026-05-12T15:40:01.605Z [ERROR]: [Lock] Failed to acquire distributed lock {"key":"reviewCron","error":"5 NOT_FOUND: "}
2026-05-12T15:45:01.301Z [ERROR]: [Lock] Failed to acquire distributed lock {"key":"reviewCron","error":"5 NOT_FOUND: "}
2026-05-12T15:50:01.546Z [ERROR]: [Lock] Failed to acquire distributed lock {"key":"reviewCron","error":"5 NOT_FOUND: "}
2026-05-12T15:55:01.172Z [ERROR]: [Lock] Failed to acquire distributed lock {"key":"reviewCron","error":"5 NOT_FOUND: "}
2026-05-12T16:00:01.432Z [ERROR]: [Lock] Failed to acquire distributed lock {"key":"reviewCron","error":"5 NOT_FOUND: "}
2026-05-12T17:05:03.963Z [ERROR]: [Lock] Failed to acquire distributed lock {"key":"reviewCron","error":"5 NOT_FOUND: "}
2026-05-12T17:10:02.165Z [ERROR]: [Lock] Failed to acquire distributed lock {"key":"reviewCron","error":"5 NOT_FOUND: "}
2026-05-12T17:20:01.520Z [ERROR]: [Lock] Failed to acquire distributed lock {"key":"reviewCron","error":"5 NOT_FOUND: "}
2026-05-12T17:25:01.340Z [ERROR]: [Lock] Failed to acquire distributed lock {"key":"reviewCron","error":"5 NOT_FOUND: "}
2026-05-12T17:30:06.067Z [ERROR]: [Lock] Failed to acquire distributed lock {"key":"reviewCron","error":"5 NOT_FOUND: "}
2026-05-12T17:35:07.226Z [ERROR]: [Lock] Failed to acquire distributed lock {"key":"reviewCron","error":"5 NOT_FOUND: "}
2026-05-12T17:41:48.456Z [ERROR]: [Lock] Failed to acquire distributed lock {"key":"reviewCron","error":"5 NOT_FOUND: "}
2026-05-12T17:45:01.247Z [ERROR]: [Lock] Failed to acquire distributed lock {"key":"reviewCron","error":"5 NOT_FOUND: "}
2026-05-12T17:50:00.990Z [ERROR]: [Lock] Failed to acquire distributed lock {"key":"reviewCron","error":"5 NOT_FOUND: "}
2026-05-12T17:55:01.892Z [ERROR]: [Lock] Failed to acquire distributed lock {"key":"reviewCron","error":"5 NOT_FOUND: "}
2026-05-12T18:00:02.517Z [ERROR]: [Lock] Failed to acquire distributed lock {"key":"reviewCron","error":"5 NOT_FOUND: "}
2026-05-12T18:05:01.159Z [ERROR]: [Lock] Failed to acquire distributed lock {"key":"reviewCron","error":"5 NOT_FOUND: "}
2026-05-12T18:10:01.852Z [ERROR]: [Lock] Failed to acquire distributed lock {"key":"reviewCron","error":"5 NOT_FOUND: "}
2026-05-12T18:15:07.902Z [ERROR]: [Lock] Failed to acquire distributed lock {"key":"reviewCron","error":"5 NOT_FOUND: "}
2026-05-12T18:20:01.731Z [ERROR]: [Lock] Failed to acquire distributed lock {"key":"reviewCron","error":"5 NOT_FOUND: "}
2026-05-12T18:25:08.499Z [ERROR]: [Lock] Failed to acquire distributed lock {"key":"reviewCron","error":"5 NOT_FOUND: "}
2026-05-12T18:43:42.762Z [ERROR]: [Lock] Failed to acquire distributed lock {"key":"reviewCron","error":"5 NOT_FOUND: "}
2026-05-12T18:43:44.910Z [ERROR]: [Lock] Failed to acquire distributed lock {"key":"reviewCron","error":"5 NOT_FOUND: "}
2026-05-12T18:45:01.334Z [ERROR]: [Lock] Failed to acquire distributed lock {"key":"reviewCron","error":"5 NOT_FOUND: "}
2026-05-12T18:50:01.878Z [ERROR]: [Lock] Failed to acquire distributed lock {"key":"reviewCron","error":"5 NOT_FOUND: "}
2026-05-12T18:55:01.889Z [ERROR]: [Lock] Failed to acquire distributed lock {"key":"reviewCron","error":"5 NOT_FOUND: "}
2026-05-12T19:00:01.984Z [ERROR]: [Lock] Failed to acquire distributed lock {"key":"reviewCron","error":"5 NOT_FOUND: "}
2026-05-12T19:05:02.745Z [ERROR]: [Lock] Failed to acquire distributed lock {"key":"reviewCron","error":"5 NOT_FOUND: "}
2026-05-12T19:10:06.856Z [ERROR]: [Lock] Failed to acquire distributed lock {"key":"reviewCron","error":"5 NOT_FOUND: "}
2026-05-12T19:15:01.577Z [ERROR]: [Lock] Failed to acquire distributed lock {"key":"reviewCron","error":"5 NOT_FOUND: "}
2026-05-12T19:20:07.066Z [ERROR]: [Lock] Failed to acquire distributed lock {"key":"reviewCron","error":"5 NOT_FOUND: "}
2026-05-12T19:23:10.506Z [ERROR]: [GoogleAuth] Failed to fetch status {"error":"7 PERMISSION_DENIED: Permission denied on resource project gmb-ai-review-a40f3."}
2026-05-12T19:23:11.781Z [ERROR]: [GoogleAuth] Failed to fetch status {"error":"7 PERMISSION_DENIED: Permission denied on resource project gmb-ai-review-a40f3."}
2026-05-12T19:25:00.201Z [ERROR]: [Lock] Failed to acquire distributed lock {"key":"reviewCron","error":"7 PERMISSION_DENIED: Permission denied on resource project gmb-ai-review-a40f3."}
2026-05-12T19:30:01.222Z [ERROR]: [Lock] Failed to acquire distributed lock {"key":"reviewCron","error":"7 PERMISSION_DENIED: Permission denied on resource project gmb-ai-review-a40f3."}
2026-05-12T19:39:04.853Z [ERROR]: [Lock] Failed to acquire distributed lock {"key":"reviewCron","error":"14 UNAVAILABLE: No connection established. Last error: Error: connect EHOSTUNREACH 2404:6800:4007:805::200a:443. Resolution note: "}
2026-05-13T08:24:21.871Z [ERROR]: [GoogleSync] Failed to sync business data {"error":"No access, refresh token, API key or refresh handler callback is set."}
2026-05-13T08:37:16.653Z [ERROR]: [GoogleSync] Failed to sync business data {"error":"Quota exceeded for quota metric 'Requests' and limit 'Requests per minute' of service 'mybusinessaccountmanagement.googleapis.com' for consumer 'project_number:111717206874'."}
2026-05-13T09:05:24.274Z [ERROR]: [GoogleSync] Failed to sync business data {"error":"Quota exceeded for quota metric 'Requests' and limit 'Requests per minute' of service 'mybusinessaccountmanagement.googleapis.com' for consumer 'project_number:111717206874'."}
2026-05-13T14:02:17.350Z [ERROR]: [ReviewService] Failed to process review safely {"outletId":"fUJCqqTZj6WHS8QZahh4","reviewId":"test123","error":"google.mybusinessreviews is not a function"}
2026-05-13T14:02:17.675Z [ERROR]: [Process] Unhandled Promise Rejection {"reason":"5 NOT_FOUND: No document to update: projects/gmb-onerepute/databases/(default)/documents/reviews/test-doc-id","stack":"Error: 5 NOT_FOUND: No document to update: projects/gmb-onerepute/databases/(default)/documents/reviews/test-doc-id\n    at callErrorFromStatus (D:\\Restaurant AI Review\\backend\\node_modules\\@grpc\\grpc-js\\build\\src\\call.js:32:19)\n    at Object.onReceiveStatus (D:\\Restaurant AI Review\\backend\\node_modules\\@grpc\\grpc-js\\build\\src\\client.js:193:76)\n    at Object.onReceiveStatus (D:\\Restaurant AI Review\\backend\\node_modules\\@grpc\\grpc-js\\build\\src\\client-interceptors.js:367:141)\n    at Object.onReceiveStatus (D:\\Restaurant AI Review\\backend\\node_modules\\@grpc\\grpc-js\\build\\src\\client-interceptors.js:327:181)\n    at D:\\Restaurant AI Review\\backend\\node_modules\\@grpc\\grpc-js\\build\\src\\resolving-call.js:135:78\n    at process.processTicksAndRejections (node:internal/process/task_queues:85:11)\nfor call at\n    at ServiceClientImpl.makeUnaryRequest (D:\\Restaurant AI Review\\backend\\node_modules\\@grpc\\grpc-js\\build\\src\\client.js:161:32)\n    at ServiceClientImpl.<anonymous> (D:\\Restaurant AI Review\\backend\\node_modules\\@grpc\\grpc-js\\build\\src\\make-client.js:105:19)\n    at D:\\Restaurant AI Review\\backend\\node_modules\\@google-cloud\\firestore\\build\\src\\v1\\firestore_client.js:242:33\n    at D:\\Restaurant AI Review\\backend\\node_modules\\google-gax\\build\\src\\normalCalls\\timeout.js:44:16\n    at repeat (D:\\Restaurant AI Review\\backend\\node_modules\\google-gax\\build\\src\\normalCalls\\retries.js:82:25)\n    at D:\\Restaurant AI Review\\backend\\node_modules\\google-gax\\build\\src\\normalCalls\\retries.js:125:13\n    at OngoingCallPromise.call (D:\\Restaurant AI Review\\backend\\node_modules\\google-gax\\build\\src\\call.js:67:27)\n    at NormalApiCaller.call (D:\\Restaurant AI Review\\backend\\node_modules\\google-gax\\build\\src\\normalCalls\\normalApiCaller.js:34:19)\n    at D:\\Restaurant AI Review\\backend\\node_modules\\google-gax\\build\\src\\createApiCall.js:112:30\n    at process.processTicksAndRejections (node:internal/process/task_queues:105:5)\nCaused by: Error\n    at _firestore._traceUtil.startActiveSpan (D:\\Restaurant AI Review\\backend\\node_modules\\@google-cloud\\firestore\\build\\src\\write-batch.js:438:27)\n    at D:\\Restaurant AI Review\\backend\\node_modules\\@google-cloud\\firestore\\build\\src\\telemetry\\enabled-trace-util.js:110:30\n    at NoopContextManager.with (D:\\Restaurant AI Review\\backend\\node_modules\\@opentelemetry\\api\\build\\src\\context\\NoopContextManager.js:14:19)\n    at ContextAPI.with (D:\\Restaurant AI Review\\backend\\node_modules\\@opentelemetry\\api\\build\\src\\api\\context.js:51:46)\n    at NoopTracer.startActiveSpan (D:\\Restaurant AI Review\\backend\\node_modules\\@opentelemetry\\api\\build\\src\\trace\\NoopTracer.js:54:31)\n    at ProxyTracer.startActiveSpan (D:\\Restaurant AI Review\\backend\\node_modules\\@opentelemetry\\api\\build\\src\\trace\\ProxyTracer.js:27:24)\n    at EnabledTraceUtil.startActiveSpan (D:\\Restaurant AI Review\\backend\\node_modules\\@google-cloud\\firestore\\build\\src\\telemetry\\enabled-trace-util.js:102:28)\n    at WriteBatch.commit (D:\\Restaurant AI Review\\backend\\node_modules\\@google-cloud\\firestore\\build\\src\\write-batch.js:436:43)\n    at D:\\Restaurant AI Review\\backend\\node_modules\\@google-cloud\\firestore\\build\\src\\reference\\document-reference.js:392:18\n    at D:\\Restaurant AI Review\\backend\\node_modules\\@google-cloud\\firestore\\build\\src\\telemetry\\enabled-trace-util.js:110:30"}
2026-05-13T14:05:47.126Z [ERROR]: [ReviewService] Failed to process review safely {"outletId":"fUJCqqTZj6WHS8QZahh4","reviewId":"test123","error":"google.mybusinessreviews is not a function"}
2026-05-13T14:21:51.666Z [ERROR]: [ReviewService] Failed to process review safely {"outletId":"fUJCqqTZj6WHS8QZahh4","reviewId":"test123","error":"google.mybusinessreviews is not a function"}
2026-05-13T14:24:31.188Z [ERROR]: [ReviewService] Failed to process review safely {"outletId":"fUJCqqTZj6WHS8QZahh4","reviewId":"test123","error":"google.mybusinessreviews is not a function"}
2026-05-13T14:25:31.279Z [ERROR]: [ReviewService] Failed to process review safely {"outletId":"fUJCqqTZj6WHS8QZahh4","reviewId":"test123","error":"google.mybusinessreviews is not a function"}
2026-05-13T14:28:22.484Z [ERROR]: [ReviewService] Failed to process review safely {"outletId":"fUJCqqTZj6WHS8QZahh4","reviewId":"test123","error":"google.mybusinessreviews is not a function"}
2026-05-13T14:28:50.078Z [ERROR]: [ReviewService] Failed to process review safely {"outletId":"fUJCqqTZj6WHS8QZahh4","reviewId":"test123","error":"google.mybusinessreviews is not a function"}
2026-05-13T14:29:39.259Z [ERROR]: [ReviewService] Failed to process review safely {"outletId":"fUJCqqTZj6WHS8QZahh4","reviewId":"test123","error":"Invalid WhatsApp number: undefined"}
2026-05-13T14:30:55.891Z [ERROR]: [ReviewService] Failed to process review safely {"outletId":"fUJCqqTZj6WHS8QZahh4","reviewId":"test123","error":"Invalid WhatsApp number: 9384926154"}
2026-05-13T14:56:25.502Z [ERROR]: [GoogleSync] Failed to sync business data {"error":"Quota exceeded for quota metric 'Requests' and limit 'Requests per minute' of service 'mybusinessaccountmanagement.googleapis.com' for consumer 'project_number:111717206874'."}
2026-05-13T15:30:01.181Z [ERROR]: [ReviewService] Failed to fetch reviews from Google {"outletId":"fUJCqqTZj6WHS8QZahh4","error":"google.mybusinessreviews is not a function"}
2026-05-13T15:54:06.776Z [ERROR]: [GoogleSync] Failed to sync business data {"error":"Quota exceeded for quota metric 'Requests' and limit 'Requests per minute' of service 'mybusinessaccountmanagement.googleapis.com' for consumer 'project_number:111717206874'."}
2026-05-13T20:37:08.320Z [ERROR]: [OutletRoute] Failed to fetch reviews {"error":"9 FAILED_PRECONDITION: The query requires an index. You can create it here: https://console.firebase.google.com/v1/r/project/gmb-onerepute/firestore/indexes?create_composite=Ck1wcm9qZWN0cy9nbWItb25lcmVwdXRlL2RhdGFiYXNlcy8oZGVmYXVsdCkvY29sbGVjdGlvbkdyb3Vwcy9yZXZpZXdzL2luZGV4ZXMvXxABGgwKCG91dGxldElkEAEaDQoJY3JlYXRlZEF0EAIaDAoIX19uYW1lX18QAg"}
2026-05-13T20:37:08.369Z [ERROR]: [OutletRoute] Failed to fetch analytics {"error":"9 FAILED_PRECONDITION: The query requires an index. You can create it here: https://console.firebase.google.com/v1/r/project/gmb-onerepute/firestore/indexes?create_composite=Ck1wcm9qZWN0cy9nbWItb25lcmVwdXRlL2RhdGFiYXNlcy8oZGVmYXVsdCkvY29sbGVjdGlvbkdyb3Vwcy9yZXZpZXdzL2luZGV4ZXMvXxABGgwKCG91dGxldElkEAEaDQoJY3JlYXRlZEF0EAEaDAoIX19uYW1lX18QAQ"}
2026-05-13T20:37:09.536Z [ERROR]: [OutletRoute] Failed to fetch reviews {"error":"9 FAILED_PRECONDITION: The query requires an index. You can create it here: https://console.firebase.google.com/v1/r/project/gmb-onerepute/firestore/indexes?create_composite=Ck1wcm9qZWN0cy9nbWItb25lcmVwdXRlL2RhdGFiYXNlcy8oZGVmYXVsdCkvY29sbGVjdGlvbkdyb3Vwcy9yZXZpZXdzL2luZGV4ZXMvXxABGgwKCG91dGxldElkEAEaDQoJY3JlYXRlZEF0EAIaDAoIX19uYW1lX18QAg"}
2026-05-13T20:37:09.626Z [ERROR]: [OutletRoute] Failed to fetch analytics {"error":"9 FAILED_PRECONDITION: The query requires an index. You can create it here: https://console.firebase.google.com/v1/r/project/gmb-onerepute/firestore/indexes?create_composite=Ck1wcm9qZWN0cy9nbWItb25lcmVwdXRlL2RhdGFiYXNlcy8oZGVmYXVsdCkvY29sbGVjdGlvbkdyb3Vwcy9yZXZpZXdzL2luZGV4ZXMvXxABGgwKCG91dGxldElkEAEaDQoJY3JlYXRlZEF0EAEaDAoIX19uYW1lX18QAQ"}
2026-05-13T20:37:41.184Z [ERROR]: [OutletRoute] Failed to fetch analytics {"error":"9 FAILED_PRECONDITION: The query requires an index. You can create it here: https://console.firebase.google.com/v1/r/project/gmb-onerepute/firestore/indexes?create_composite=Ck1wcm9qZWN0cy9nbWItb25lcmVwdXRlL2RhdGFiYXNlcy8oZGVmYXVsdCkvY29sbGVjdGlvbkdyb3Vwcy9yZXZpZXdzL2luZGV4ZXMvXxABGgwKCG91dGxldElkEAEaDQoJY3JlYXRlZEF0EAEaDAoIX19uYW1lX18QAQ"}
2026-05-13T20:37:41.192Z [ERROR]: [OutletRoute] Failed to fetch reviews {"error":"9 FAILED_PRECONDITION: The query requires an index. You can create it here: https://console.firebase.google.com/v1/r/project/gmb-onerepute/firestore/indexes?create_composite=Ck1wcm9qZWN0cy9nbWItb25lcmVwdXRlL2RhdGFiYXNlcy8oZGVmYXVsdCkvY29sbGVjdGlvbkdyb3Vwcy9yZXZpZXdzL2luZGV4ZXMvXxABGgwKCG91dGxldElkEAEaDQoJY3JlYXRlZEF0EAIaDAoIX19uYW1lX18QAg"}
2026-05-13T20:37:42.344Z [ERROR]: [OutletRoute] Failed to fetch analytics {"error":"9 FAILED_PRECONDITION: The query requires an index. You can create it here: https://console.firebase.google.com/v1/r/project/gmb-onerepute/firestore/indexes?create_composite=Ck1wcm9qZWN0cy9nbWItb25lcmVwdXRlL2RhdGFiYXNlcy8oZGVmYXVsdCkvY29sbGVjdGlvbkdyb3Vwcy9yZXZpZXdzL2luZGV4ZXMvXxABGgwKCG91dGxldElkEAEaDQoJY3JlYXRlZEF0EAEaDAoIX19uYW1lX18QAQ"}
2026-05-13T20:37:42.473Z [ERROR]: [OutletRoute] Failed to fetch reviews {"error":"9 FAILED_PRECONDITION: The query requires an index. You can create it here: https://console.firebase.google.com/v1/r/project/gmb-onerepute/firestore/indexes?create_composite=Ck1wcm9qZWN0cy9nbWItb25lcmVwdXRlL2RhdGFiYXNlcy8oZGVmYXVsdCkvY29sbGVjdGlvbkdyb3Vwcy9yZXZpZXdzL2luZGV4ZXMvXxABGgwKCG91dGxldElkEAEaDQoJY3JlYXRlZEF0EAIaDAoIX19uYW1lX18QAg"}
2026-05-14T13:40:44.699Z [ERROR]: [TestRoute] Execution failed {"error":"isPositive is not defined"}
2026-05-14T13:41:07.838Z [ERROR]: [ReviewService] Failed to process review safely {"outletId":"fUJCqqTZj6WHS8QZahh4","reviewId":"test-1778766064977","error":"google.mybusinessreviews is not a function"}
2026-05-14T13:41:07.939Z [ERROR]: [TestRoute] Execution failed {"error":"isPositive is not defined"}
2026-05-14T13:42:38.722Z [ERROR]: [TestRoute] Execution failed {"error":"isPositive is not defined"}
2026-05-14T13:50:10.637Z [ERROR]: [ReviewService] Failed to process review safely {"outletId":"fUJCqqTZj6WHS8QZahh4","reviewId":"test-1778766608796","error":"google.mybusinessreviews is not a function"}
2026-05-14T13:53:16.761Z [ERROR]: [ReviewService] Failed to process review safely {"outletId":"fUJCqqTZj6WHS8QZahh4","reviewId":"test-1778766795329","error":"google.mybusinessreviews is not a function"}
2026-05-14T13:53:23.191Z [ERROR]: [ReviewService] Failed to process review safely {"outletId":"fUJCqqTZj6WHS8QZahh4","reviewId":"test-1778766801911","error":"google.mybusinessreviews is not a function"}
2026-05-22T08:40:02.786Z [ERROR]: [ReviewService] Failed to fetch reviews from provider {"outletId":"fUJCqqTZj6WHS8QZahh4","providerType":"SCRAPER","error":"Missing placeId for outlet"}
2026-05-22T08:50:01.072Z [ERROR]: [ReviewService] Failed to fetch reviews from provider {"outletId":"fUJCqqTZj6WHS8QZahh4","providerType":"SCRAPER","error":"Missing placeId for outlet"}
2026-05-22T09:00:01.782Z [ERROR]: [ReviewService] Failed to fetch reviews from provider {"outletId":"fUJCqqTZj6WHS8QZahh4","providerType":"SCRAPER","error":"Missing placeId for outlet"}
2026-05-22T09:10:02.830Z [ERROR]: [ReviewService] Failed to fetch reviews from provider {"outletId":"fUJCqqTZj6WHS8QZahh4","providerType":"SCRAPER","error":"Missing placeId for outlet"}
2026-05-22T09:20:01.347Z [ERROR]: [ReviewService] Failed to fetch reviews from provider {"outletId":"fUJCqqTZj6WHS8QZahh4","providerType":"SCRAPER","error":"Missing placeId for outlet"}
2026-05-22T09:30:17.003Z [ERROR]: [ReviewService] Failed to fetch reviews from provider {"outletId":"fUJCqqTZj6WHS8QZahh4","providerType":"SCRAPER","error":"Missing placeId for outlet"}
2026-05-22T09:40:01.730Z [ERROR]: [ReviewService] Failed to fetch reviews from provider {"outletId":"fUJCqqTZj6WHS8QZahh4","providerType":"SCRAPER","error":"Missing placeId for outlet"}
2026-05-22T09:50:48.769Z [ERROR]: [ReviewService] Failed to fetch reviews from provider {"outletId":"fUJCqqTZj6WHS8QZahh4","providerType":"SCRAPER","error":"Missing placeId for outlet"}
2026-05-22T12:40:03.428Z [ERROR]: [ReviewService] Failed to fetch reviews from provider {"outletId":"fUJCqqTZj6WHS8QZahh4","providerType":"SCRAPER","error":"Missing placeId for outlet"}
2026-05-22T12:50:01.969Z [ERROR]: [ReviewService] Failed to fetch reviews from provider {"outletId":"fUJCqqTZj6WHS8QZahh4","providerType":"SCRAPER","error":"Missing placeId for outlet"}
2026-05-22T13:00:02.848Z [ERROR]: [ReviewService] Failed to fetch reviews from provider {"outletId":"fUJCqqTZj6WHS8QZahh4","providerType":"SCRAPER","error":"Missing placeId for outlet"}
2026-05-22T13:10:02.046Z [ERROR]: [ReviewService] Failed to fetch reviews from provider {"outletId":"fUJCqqTZj6WHS8QZahh4","providerType":"SCRAPER","error":"Missing placeId for outlet"}
2026-05-22T13:10:48.125Z [ERROR]: [ReviewService] Failed to fetch reviews from provider {"outletId":"fUJCqqTZj6WHS8QZahh4","providerType":"SCRAPER","error":"Missing placeId for outlet"}
2026-05-22T13:11:18.565Z [ERROR]: [ReviewService] Failed to fetch reviews from provider {"outletId":"fUJCqqTZj6WHS8QZahh4","providerType":"SCRAPER","error":"Missing placeId for outlet"}
2026-05-22T13:22:17.086Z [ERROR]: [ReviewService] Failed to fetch reviews from provider {"outletId":"fUJCqqTZj6WHS8QZahh4","providerType":"GBP","error":"google.mybusinessreviews is not a function"}
2026-05-22T13:26:38.185Z [ERROR]: [ReviewService] Failed to fetch reviews from provider {"outletId":"fUJCqqTZj6WHS8QZahh4","providerType":"SCRAPER","error":"Request failed with status code 401"}
2026-05-22T13:30:07.113Z [ERROR]: [ReviewService] Failed to fetch reviews from provider {"outletId":"fUJCqqTZj6WHS8QZahh4","providerType":"SCRAPER","error":"Request failed with status code 401"}
2026-05-22T13:33:29.482Z [ERROR]: [ReviewService] Failed to fetch reviews from provider {"outletId":"fUJCqqTZj6WHS8QZahh4","providerType":"SCRAPER","error":"Request failed with status code 401"}
2026-05-22T13:33:48.401Z [ERROR]: [ReviewService] Failed to fetch reviews from provider {"outletId":"fUJCqqTZj6WHS8QZahh4","providerType":"SCRAPER","error":"Request failed with status code 401"}
2026-05-22T13:34:15.596Z [ERROR]: [ReviewService] Failed to fetch reviews from provider {"outletId":"fUJCqqTZj6WHS8QZahh4","providerType":"SCRAPER","error":"Request failed with status code 404"}
2026-05-22T13:34:40.929Z [ERROR]: [ReviewService] Failed to fetch reviews from provider {"outletId":"fUJCqqTZj6WHS8QZahh4","providerType":"SCRAPER","error":"Request failed with status code 404"}
2026-05-22T19:18:18.615Z [ERROR]: [ReviewRoute] Failed to fetch escalations {"error":"9 FAILED_PRECONDITION: The query requires an index. You can create it here: https://console.firebase.google.com/v1/r/project/gmb-onerepute/firestore/indexes?create_composite=Ck1wcm9qZWN0cy9nbWItb25lcmVwdXRlL2RhdGFiYXNlcy8oZGVmYXVsdCkvY29sbGVjdGlvbkdyb3Vwcy9yZXZpZXdzL2luZGV4ZXMvXxABGgoKBnN0YXR1cxABGg0KCWNyZWF0ZWRBdBACGgwKCF9fbmFtZV9fEAI"}
2026-05-22T19:18:19.752Z [ERROR]: [ReviewRoute] Failed to fetch escalations {"error":"9 FAILED_PRECONDITION: The query requires an index. You can create it here: https://console.firebase.google.com/v1/r/project/gmb-onerepute/firestore/indexes?create_composite=Ck1wcm9qZWN0cy9nbWItb25lcmVwdXRlL2RhdGFiYXNlcy8oZGVmYXVsdCkvY29sbGVjdGlvbkdyb3Vwcy9yZXZpZXdzL2luZGV4ZXMvXxABGgoKBnN0YXR1cxABGg0KCWNyZWF0ZWRBdBACGgwKCF9fbmFtZV9fEAI"}
2026-05-22T19:20:35.346Z [ERROR]: [ReviewRoute] Failed to fetch escalations {"error":"9 FAILED_PRECONDITION: The query requires an index. You can create it here: https://console.firebase.google.com/v1/r/project/gmb-onerepute/firestore/indexes?create_composite=Ck1wcm9qZWN0cy9nbWItb25lcmVwdXRlL2RhdGFiYXNlcy8oZGVmYXVsdCkvY29sbGVjdGlvbkdyb3Vwcy9yZXZpZXdzL2luZGV4ZXMvXxABGgoKBnN0YXR1cxABGg0KCWNyZWF0ZWRBdBACGgwKCF9fbmFtZV9fEAI"}
2026-05-22T19:20:36.547Z [ERROR]: [ReviewRoute] Failed to fetch escalations {"error":"9 FAILED_PRECONDITION: The query requires an index. You can create it here: https://console.firebase.google.com/v1/r/project/gmb-onerepute/firestore/indexes?create_composite=Ck1wcm9qZWN0cy9nbWItb25lcmVwdXRlL2RhdGFiYXNlcy8oZGVmYXVsdCkvY29sbGVjdGlvbkdyb3Vwcy9yZXZpZXdzL2luZGV4ZXMvXxABGgoKBnN0YXR1cxABGg0KCWNyZWF0ZWRBdBACGgwKCF9fbmFtZV9fEAI"}
2026-05-22T19:20:40.707Z [ERROR]: [ReviewRoute] Failed to fetch escalations {"error":"9 FAILED_PRECONDITION: The query requires an index. You can create it here: https://console.firebase.google.com/v1/r/project/gmb-onerepute/firestore/indexes?create_composite=Ck1wcm9qZWN0cy9nbWItb25lcmVwdXRlL2RhdGFiYXNlcy8oZGVmYXVsdCkvY29sbGVjdGlvbkdyb3Vwcy9yZXZpZXdzL2luZGV4ZXMvXxABGgoKBnN0YXR1cxABGg0KCWNyZWF0ZWRBdBACGgwKCF9fbmFtZV9fEAI"}
2026-05-22T19:20:41.861Z [ERROR]: [ReviewRoute] Failed to fetch escalations {"error":"9 FAILED_PRECONDITION: The query requires an index. You can create it here: https://console.firebase.google.com/v1/r/project/gmb-onerepute/firestore/indexes?create_composite=Ck1wcm9qZWN0cy9nbWItb25lcmVwdXRlL2RhdGFiYXNlcy8oZGVmYXVsdCkvY29sbGVjdGlvbkdyb3Vwcy9yZXZpZXdzL2luZGV4ZXMvXxABGgoKBnN0YXR1cxABGg0KCWNyZWF0ZWRBdBACGgwKCF9fbmFtZV9fEAI"}
2026-05-22T19:21:57.208Z [ERROR]: [ReviewRoute] Failed to fetch escalations {"error":"9 FAILED_PRECONDITION: The query requires an index. You can create it here: https://console.firebase.google.com/v1/r/project/gmb-onerepute/firestore/indexes?create_composite=Ck1wcm9qZWN0cy9nbWItb25lcmVwdXRlL2RhdGFiYXNlcy8oZGVmYXVsdCkvY29sbGVjdGlvbkdyb3Vwcy9yZXZpZXdzL2luZGV4ZXMvXxABGgoKBnN0YXR1cxABGg0KCWNyZWF0ZWRBdBACGgwKCF9fbmFtZV9fEAI"}
2026-05-22T19:22:00.114Z [ERROR]: [ReviewRoute] Failed to fetch escalations {"error":"9 FAILED_PRECONDITION: The query requires an index. You can create it here: https://console.firebase.google.com/v1/r/project/gmb-onerepute/firestore/indexes?create_composite=Ck1wcm9qZWN0cy9nbWItb25lcmVwdXRlL2RhdGFiYXNlcy8oZGVmYXVsdCkvY29sbGVjdGlvbkdyb3Vwcy9yZXZpZXdzL2luZGV4ZXMvXxABGgoKBnN0YXR1cxABGg0KCWNyZWF0ZWRBdBACGgwKCF9fbmFtZV9fEAI"}
2026-05-22T19:22:59.989Z [ERROR]: [ReviewRoute] Failed to fetch escalations {"error":"9 FAILED_PRECONDITION: The query requires an index. You can create it here: https://console.firebase.google.com/v1/r/project/gmb-onerepute/firestore/indexes?create_composite=Ck1wcm9qZWN0cy9nbWItb25lcmVwdXRlL2RhdGFiYXNlcy8oZGVmYXVsdCkvY29sbGVjdGlvbkdyb3Vwcy9yZXZpZXdzL2luZGV4ZXMvXxABGgoKBnN0YXR1cxABGg0KCWNyZWF0ZWRBdBACGgwKCF9fbmFtZV9fEAI"}
2026-05-22T19:25:52.133Z [ERROR]: [ReviewRoute] Failed to fetch escalations {"error":"9 FAILED_PRECONDITION: The query requires an index. That index is currently building and cannot be used yet. See its status here: https://console.firebase.google.com/v1/r/project/gmb-onerepute/firestore/indexes?create_composite=Clhwcm9qZWN0cy9nbWItb25lcmVwdXRlL2RhdGFiYXNlcy8oZGVmYXVsdCkvY29sbGVjdGlvbkdyb3Vwcy9yZXZpZXdzL2luZGV4ZXMvQ0lDQWdKaVVwb01LEAEaCgoGc3RhdHVzEAEaDQoJY3JlYXRlZEF0EAIaDAoIX19uYW1lX18QAg"}
2026-05-22T19:25:53.285Z [ERROR]: [ReviewRoute] Failed to fetch escalations {"error":"9 FAILED_PRECONDITION: The query requires an index. That index is currently building and cannot be used yet. See its status here: https://console.firebase.google.com/v1/r/project/gmb-onerepute/firestore/indexes?create_composite=Clhwcm9qZWN0cy9nbWItb25lcmVwdXRlL2RhdGFiYXNlcy8oZGVmYXVsdCkvY29sbGVjdGlvbkdyb3Vwcy9yZXZpZXdzL2luZGV4ZXMvQ0lDQWdKaVVwb01LEAEaCgoGc3RhdHVzEAEaDQoJY3JlYXRlZEF0EAIaDAoIX19uYW1lX18QAg"}
2026-05-22T19:26:08.449Z [ERROR]: [ReviewRoute] Failed to fetch escalations {"error":"9 FAILED_PRECONDITION: The query requires an index. That index is currently building and cannot be used yet. See its status here: https://console.firebase.google.com/v1/r/project/gmb-onerepute/firestore/indexes?create_composite=Clhwcm9qZWN0cy9nbWItb25lcmVwdXRlL2RhdGFiYXNlcy8oZGVmYXVsdCkvY29sbGVjdGlvbkdyb3Vwcy9yZXZpZXdzL2luZGV4ZXMvQ0lDQWdKaVVwb01LEAEaCgoGc3RhdHVzEAEaDQoJY3JlYXRlZEF0EAIaDAoIX19uYW1lX18QAg"}
2026-05-22T19:26:09.582Z [ERROR]: [ReviewRoute] Failed to fetch escalations {"error":"9 FAILED_PRECONDITION: The query requires an index. That index is currently building and cannot be used yet. See its status here: https://console.firebase.google.com/v1/r/project/gmb-onerepute/firestore/indexes?create_composite=Clhwcm9qZWN0cy9nbWItb25lcmVwdXRlL2RhdGFiYXNlcy8oZGVmYXVsdCkvY29sbGVjdGlvbkdyb3Vwcy9yZXZpZXdzL2luZGV4ZXMvQ0lDQWdKaVVwb01LEAEaCgoGc3RhdHVzEAEaDQoJY3JlYXRlZEF0EAIaDAoIX19uYW1lX18QAg"}
2026-05-22T19:26:16.859Z [ERROR]: [ReviewRoute] Failed to fetch escalations {"error":"9 FAILED_PRECONDITION: The query requires an index. That index is currently building and cannot be used yet. See its status here: https://console.firebase.google.com/v1/r/project/gmb-onerepute/firestore/indexes?create_composite=Clhwcm9qZWN0cy9nbWItb25lcmVwdXRlL2RhdGFiYXNlcy8oZGVmYXVsdCkvY29sbGVjdGlvbkdyb3Vwcy9yZXZpZXdzL2luZGV4ZXMvQ0lDQWdKaVVwb01LEAEaCgoGc3RhdHVzEAEaDQoJY3JlYXRlZEF0EAIaDAoIX19uYW1lX18QAg"}
2026-05-22T19:26:17.999Z [ERROR]: [ReviewRoute] Failed to fetch escalations {"error":"9 FAILED_PRECONDITION: The query requires an index. That index is currently building and cannot be used yet. See its status here: https://console.firebase.google.com/v1/r/project/gmb-onerepute/firestore/indexes?create_composite=Clhwcm9qZWN0cy9nbWItb25lcmVwdXRlL2RhdGFiYXNlcy8oZGVmYXVsdCkvY29sbGVjdGlvbkdyb3Vwcy9yZXZpZXdzL2luZGV4ZXMvQ0lDQWdKaVVwb01LEAEaCgoGc3RhdHVzEAEaDQoJY3JlYXRlZEF0EAIaDAoIX19uYW1lX18QAg"}
2026-05-22T19:26:21.060Z [ERROR]: [ReviewRoute] Failed to fetch escalations {"error":"9 FAILED_PRECONDITION: The query requires an index. That index is currently building and cannot be used yet. See its status here: https://console.firebase.google.com/v1/r/project/gmb-onerepute/firestore/indexes?create_composite=Clhwcm9qZWN0cy9nbWItb25lcmVwdXRlL2RhdGFiYXNlcy8oZGVmYXVsdCkvY29sbGVjdGlvbkdyb3Vwcy9yZXZpZXdzL2luZGV4ZXMvQ0lDQWdKaVVwb01LEAEaCgoGc3RhdHVzEAEaDQoJY3JlYXRlZEF0EAIaDAoIX19uYW1lX18QAg"}
2026-05-22T19:26:22.191Z [ERROR]: [ReviewRoute] Failed to fetch escalations {"error":"9 FAILED_PRECONDITION: The query requires an index. That index is currently building and cannot be used yet. See its status here: https://console.firebase.google.com/v1/r/project/gmb-onerepute/firestore/indexes?create_composite=Clhwcm9qZWN0cy9nbWItb25lcmVwdXRlL2RhdGFiYXNlcy8oZGVmYXVsdCkvY29sbGVjdGlvbkdyb3Vwcy9yZXZpZXdzL2luZGV4ZXMvQ0lDQWdKaVVwb01LEAEaCgoGc3RhdHVzEAEaDQoJY3JlYXRlZEF0EAIaDAoIX19uYW1lX18QAg"}
2026-05-22T19:26:24.759Z [ERROR]: [ReviewRoute] Failed to fetch escalations {"error":"9 FAILED_PRECONDITION: The query requires an index. That index is currently building and cannot be used yet. See its status here: https://console.firebase.google.com/v1/r/project/gmb-onerepute/firestore/indexes?create_composite=Clhwcm9qZWN0cy9nbWItb25lcmVwdXRlL2RhdGFiYXNlcy8oZGVmYXVsdCkvY29sbGVjdGlvbkdyb3Vwcy9yZXZpZXdzL2luZGV4ZXMvQ0lDQWdKaVVwb01LEAEaCgoGc3RhdHVzEAEaDQoJY3JlYXRlZEF0EAIaDAoIX19uYW1lX18QAg"}
2026-05-22T19:26:32.642Z [ERROR]: [ReviewRoute] Failed to fetch escalations {"error":"9 FAILED_PRECONDITION: The query requires an index. That index is currently building and cannot be used yet. See its status here: https://console.firebase.google.com/v1/r/project/gmb-onerepute/firestore/indexes?create_composite=Clhwcm9qZWN0cy9nbWItb25lcmVwdXRlL2RhdGFiYXNlcy8oZGVmYXVsdCkvY29sbGVjdGlvbkdyb3Vwcy9yZXZpZXdzL2luZGV4ZXMvQ0lDQWdKaVVwb01LEAEaCgoGc3RhdHVzEAEaDQoJY3JlYXRlZEF0EAIaDAoIX19uYW1lX18QAg"}
2026-05-22T19:26:33.839Z [ERROR]: [ReviewRoute] Failed to fetch escalations {"error":"9 FAILED_PRECONDITION: The query requires an index. That index is currently building and cannot be used yet. See its status here: https://console.firebase.google.com/v1/r/project/gmb-onerepute/firestore/indexes?create_composite=Clhwcm9qZWN0cy9nbWItb25lcmVwdXRlL2RhdGFiYXNlcy8oZGVmYXVsdCkvY29sbGVjdGlvbkdyb3Vwcy9yZXZpZXdzL2luZGV4ZXMvQ0lDQWdKaVVwb01LEAEaCgoGc3RhdHVzEAEaDQoJY3JlYXRlZEF0EAIaDAoIX19uYW1lX18QAg"}
2026-05-23T16:02:56.732Z [ERROR]: [AdminRoute] Failed to fetch outlets {"error":"14 UNAVAILABLE: No connection established. Last error: Error: connect ETIMEDOUT 142.251.223.170:443. Resolution note: "}
2026-05-25T18:30:14.670Z [ERROR]: [ReviewService] Failed to process review safely {"outletId":"tAig7hdGPBGkjWzhubFb","reviewId":"6c524481d58714f5a3c24c071d6ec8e5b1937b9ee800fdcd124c095b6bc4dc62","error":"Invalid WhatsApp number: undefined"}
2026-05-25T18:30:49.187Z [ERROR]: [ReviewService] Failed to process review safely {"outletId":"tAig7hdGPBGkjWzhubFb","reviewId":"35e6a4c64c05c49ae0d95af8e94c9944e09da7cdea4710debb196f80bd7aceff","error":"Invalid WhatsApp number: undefined"}
2026-05-25T18:31:17.937Z [ERROR]: [ReviewService] Failed to process review safely {"outletId":"tAig7hdGPBGkjWzhubFb","reviewId":"99cd6e21f3a49dfda2ec8167ad55f888293c4d47b49cda51b6e7b14e604574e2","error":"Invalid WhatsApp number: undefined"}
2026-05-28T10:06:01.711Z [ERROR]: [AdminRoute] Failed to fetch logs {"error":"9 FAILED_PRECONDITION: The query requires an index. You can create it here: https://console.firebase.google.com/v1/r/project/gmb-onerepute/firestore/indexes?create_composite=ClJwcm9qZWN0cy9nbWItb25lcmVwdXRlL2RhdGFiYXNlcy8oZGVmYXVsdCkvY29sbGVjdGlvbkdyb3Vwcy9hY3Rpdml0eUxvZ3MvaW5kZXhlcy9fEAEaCgoGc3RhdHVzEAEaDQoJdGltZXN0YW1wEAIaDAoIX19uYW1lX18QAg"}
2026-05-28T10:06:10.667Z [ERROR]: [AdminRoute] Failed to fetch logs {"error":"9 FAILED_PRECONDITION: The query requires an index. You can create it here: https://console.firebase.google.com/v1/r/project/gmb-onerepute/firestore/indexes?create_composite=ClJwcm9qZWN0cy9nbWItb25lcmVwdXRlL2RhdGFiYXNlcy8oZGVmYXVsdCkvY29sbGVjdGlvbkdyb3Vwcy9hY3Rpdml0eUxvZ3MvaW5kZXhlcy9fEAEaCgoGc3RhdHVzEAEaDQoJdGltZXN0YW1wEAIaDAoIX19uYW1lX18QAg"}
2026-05-28T10:06:11.827Z [ERROR]: [AdminRoute] Failed to fetch logs {"error":"9 FAILED_PRECONDITION: The query requires an index. You can create it here: https://console.firebase.google.com/v1/r/project/gmb-onerepute/firestore/indexes?create_composite=ClJwcm9qZWN0cy9nbWItb25lcmVwdXRlL2RhdGFiYXNlcy8oZGVmYXVsdCkvY29sbGVjdGlvbkdyb3Vwcy9hY3Rpdml0eUxvZ3MvaW5kZXhlcy9fEAEaCgoGc3RhdHVzEAEaDQoJdGltZXN0YW1wEAIaDAoIX19uYW1lX18QAg"}
2026-05-28T10:06:14.855Z [ERROR]: [AdminRoute] Failed to fetch logs {"error":"9 FAILED_PRECONDITION: The query requires an index. You can create it here: https://console.firebase.google.com/v1/r/project/gmb-onerepute/firestore/indexes?create_composite=ClJwcm9qZWN0cy9nbWItb25lcmVwdXRlL2RhdGFiYXNlcy8oZGVmYXVsdCkvY29sbGVjdGlvbkdyb3Vwcy9hY3Rpdml0eUxvZ3MvaW5kZXhlcy9fEAEaCgoGc3RhdHVzEAEaDQoJdGltZXN0YW1wEAIaDAoIX19uYW1lX18QAg"}
2026-05-28T10:06:16.008Z [ERROR]: [AdminRoute] Failed to fetch logs {"error":"9 FAILED_PRECONDITION: The query requires an index. You can create it here: https://console.firebase.google.com/v1/r/project/gmb-onerepute/firestore/indexes?create_composite=ClJwcm9qZWN0cy9nbWItb25lcmVwdXRlL2RhdGFiYXNlcy8oZGVmYXVsdCkvY29sbGVjdGlvbkdyb3Vwcy9hY3Rpdml0eUxvZ3MvaW5kZXhlcy9fEAEaCgoGc3RhdHVzEAEaDQoJdGltZXN0YW1wEAIaDAoIX19uYW1lX18QAg"}
2026-05-28T10:06:24.748Z [ERROR]: [AdminRoute] Failed to fetch logs {"error":"9 FAILED_PRECONDITION: The query requires an index. You can create it here: https://console.firebase.google.com/v1/r/project/gmb-onerepute/firestore/indexes?create_composite=ClJwcm9qZWN0cy9nbWItb25lcmVwdXRlL2RhdGFiYXNlcy8oZGVmYXVsdCkvY29sbGVjdGlvbkdyb3Vwcy9hY3Rpdml0eUxvZ3MvaW5kZXhlcy9fEAEaCgoGc3RhdHVzEAEaDQoJdGltZXN0YW1wEAIaDAoIX19uYW1lX18QAg"}
2026-05-28T10:06:25.883Z [ERROR]: [AdminRoute] Failed to fetch logs {"error":"9 FAILED_PRECONDITION: The query requires an index. You can create it here: https://console.firebase.google.com/v1/r/project/gmb-onerepute/firestore/indexes?create_composite=ClJwcm9qZWN0cy9nbWItb25lcmVwdXRlL2RhdGFiYXNlcy8oZGVmYXVsdCkvY29sbGVjdGlvbkdyb3Vwcy9hY3Rpdml0eUxvZ3MvaW5kZXhlcy9fEAEaCgoGc3RhdHVzEAEaDQoJdGltZXN0YW1wEAIaDAoIX19uYW1lX18QAg"}
2026-05-28T10:07:43.332Z [ERROR]: [AdminRoute] Failed to fetch logs {"error":"9 FAILED_PRECONDITION: The query requires an index. You can create it here: https://console.firebase.google.com/v1/r/project/gmb-onerepute/firestore/indexes?create_composite=ClJwcm9qZWN0cy9nbWItb25lcmVwdXRlL2RhdGFiYXNlcy8oZGVmYXVsdCkvY29sbGVjdGlvbkdyb3Vwcy9hY3Rpdml0eUxvZ3MvaW5kZXhlcy9fEAEaCgoGc3RhdHVzEAEaDQoJdGltZXN0YW1wEAIaDAoIX19uYW1lX18QAg"}
2026-05-28T10:07:45.969Z [ERROR]: [AdminRoute] Failed to fetch logs {"error":"9 FAILED_PRECONDITION: The query requires an index. You can create it here: https://console.firebase.google.com/v1/r/project/gmb-onerepute/firestore/indexes?create_composite=ClJwcm9qZWN0cy9nbWItb25lcmVwdXRlL2RhdGFiYXNlcy8oZGVmYXVsdCkvY29sbGVjdGlvbkdyb3Vwcy9hY3Rpdml0eUxvZ3MvaW5kZXhlcy9fEAEaCgoGc3RhdHVzEAEaDQoJdGltZXN0YW1wEAIaDAoIX19uYW1lX18QAg"}
2026-05-28T10:08:17.280Z [ERROR]: [AdminRoute] Failed to fetch logs {"error":"9 FAILED_PRECONDITION: The query requires an index. You can create it here: https://console.firebase.google.com/v1/r/project/gmb-onerepute/firestore/indexes?create_composite=ClJwcm9qZWN0cy9nbWItb25lcmVwdXRlL2RhdGFiYXNlcy8oZGVmYXVsdCkvY29sbGVjdGlvbkdyb3Vwcy9hY3Rpdml0eUxvZ3MvaW5kZXhlcy9fEAEaCgoGc3RhdHVzEAEaDQoJdGltZXN0YW1wEAIaDAoIX19uYW1lX18QAg"}
2026-05-28T10:08:18.404Z [ERROR]: [AdminRoute] Failed to fetch logs {"error":"9 FAILED_PRECONDITION: The query requires an index. You can create it here: https://console.firebase.google.com/v1/r/project/gmb-onerepute/firestore/indexes?create_composite=ClJwcm9qZWN0cy9nbWItb25lcmVwdXRlL2RhdGFiYXNlcy8oZGVmYXVsdCkvY29sbGVjdGlvbkdyb3Vwcy9hY3Rpdml0eUxvZ3MvaW5kZXhlcy9fEAEaCgoGc3RhdHVzEAEaDQoJdGltZXN0YW1wEAIaDAoIX19uYW1lX18QAg"}
2026-05-28T10:09:05.786Z [ERROR]: [AdminRoute] Failed to fetch logs {"error":"9 FAILED_PRECONDITION: The query requires an index. You can create it here: https://console.firebase.google.com/v1/r/project/gmb-onerepute/firestore/indexes?create_composite=ClJwcm9qZWN0cy9nbWItb25lcmVwdXRlL2RhdGFiYXNlcy8oZGVmYXVsdCkvY29sbGVjdGlvbkdyb3Vwcy9hY3Rpdml0eUxvZ3MvaW5kZXhlcy9fEAEaCgoGc3RhdHVzEAEaDQoJdGltZXN0YW1wEAIaDAoIX19uYW1lX18QAg"}
2026-05-28T10:09:07.311Z [ERROR]: [AdminRoute] Failed to fetch logs {"error":"9 FAILED_PRECONDITION: The query requires an index. You can create it here: https://console.firebase.google.com/v1/r/project/gmb-onerepute/firestore/indexes?create_composite=ClJwcm9qZWN0cy9nbWItb25lcmVwdXRlL2RhdGFiYXNlcy8oZGVmYXVsdCkvY29sbGVjdGlvbkdyb3Vwcy9hY3Rpdml0eUxvZ3MvaW5kZXhlcy9fEAEaCgoGc3RhdHVzEAEaDQoJdGltZXN0YW1wEAIaDAoIX19uYW1lX18QAg"}
2026-05-28T10:09:10.209Z [ERROR]: [AdminRoute] Failed to fetch logs {"error":"9 FAILED_PRECONDITION: The query requires an index. You can create it here: https://console.firebase.google.com/v1/r/project/gmb-onerepute/firestore/indexes?create_composite=ClJwcm9qZWN0cy9nbWItb25lcmVwdXRlL2RhdGFiYXNlcy8oZGVmYXVsdCkvY29sbGVjdGlvbkdyb3Vwcy9hY3Rpdml0eUxvZ3MvaW5kZXhlcy9fEAEaCgoGc3RhdHVzEAEaDQoJdGltZXN0YW1wEAIaDAoIX19uYW1lX18QAg"}
2026-05-28T10:09:12.140Z [ERROR]: [AdminRoute] Failed to fetch logs {"error":"9 FAILED_PRECONDITION: The query requires an index. You can create it here: https://console.firebase.google.com/v1/r/project/gmb-onerepute/firestore/indexes?create_composite=ClJwcm9qZWN0cy9nbWItb25lcmVwdXRlL2RhdGFiYXNlcy8oZGVmYXVsdCkvY29sbGVjdGlvbkdyb3Vwcy9hY3Rpdml0eUxvZ3MvaW5kZXhlcy9fEAEaCgoGc3RhdHVzEAEaDQoJdGltZXN0YW1wEAIaDAoIX19uYW1lX18QAg"}
2026-05-28T10:09:16.342Z [ERROR]: [AdminRoute] Failed to fetch logs {"error":"9 FAILED_PRECONDITION: The query requires an index. You can create it here: https://console.firebase.google.com/v1/r/project/gmb-onerepute/firestore/indexes?create_composite=ClJwcm9qZWN0cy9nbWItb25lcmVwdXRlL2RhdGFiYXNlcy8oZGVmYXVsdCkvY29sbGVjdGlvbkdyb3Vwcy9hY3Rpdml0eUxvZ3MvaW5kZXhlcy9fEAEaCgoGc3RhdHVzEAEaDQoJdGltZXN0YW1wEAIaDAoIX19uYW1lX18QAg"}
2026-05-28T10:09:17.470Z [ERROR]: [AdminRoute] Failed to fetch logs {"error":"9 FAILED_PRECONDITION: The query requires an index. You can create it here: https://console.firebase.google.com/v1/r/project/gmb-onerepute/firestore/indexes?create_composite=ClJwcm9qZWN0cy9nbWItb25lcmVwdXRlL2RhdGFiYXNlcy8oZGVmYXVsdCkvY29sbGVjdGlvbkdyb3Vwcy9hY3Rpdml0eUxvZ3MvaW5kZXhlcy9fEAEaCgoGc3RhdHVzEAEaDQoJdGltZXN0YW1wEAIaDAoIX19uYW1lX18QAg"}
2026-05-28T10:09:18.585Z [ERROR]: [AdminRoute] Failed to fetch logs {"error":"9 FAILED_PRECONDITION: The query requires an index. You can create it here: https://console.firebase.google.com/v1/r/project/gmb-onerepute/firestore/indexes?create_composite=ClJwcm9qZWN0cy9nbWItb25lcmVwdXRlL2RhdGFiYXNlcy8oZGVmYXVsdCkvY29sbGVjdGlvbkdyb3Vwcy9hY3Rpdml0eUxvZ3MvaW5kZXhlcy9fEAEaCgoGc3RhdHVzEAEaDQoJdGltZXN0YW1wEAIaDAoIX19uYW1lX18QAg"}
2026-05-28T10:09:19.714Z [ERROR]: [AdminRoute] Failed to fetch logs {"error":"9 FAILED_PRECONDITION: The query requires an index. You can create it here: https://console.firebase.google.com/v1/r/project/gmb-onerepute/firestore/indexes?create_composite=ClJwcm9qZWN0cy9nbWItb25lcmVwdXRlL2RhdGFiYXNlcy8oZGVmYXVsdCkvY29sbGVjdGlvbkdyb3Vwcy9hY3Rpdml0eUxvZ3MvaW5kZXhlcy9fEAEaCgoGc3RhdHVzEAEaDQoJdGltZXN0YW1wEAIaDAoIX19uYW1lX18QAg"}
2026-05-28T10:09:20.757Z [ERROR]: [AdminRoute] Failed to fetch logs {"error":"9 FAILED_PRECONDITION: The query requires an index. You can create it here: https://console.firebase.google.com/v1/r/project/gmb-onerepute/firestore/indexes?create_composite=ClJwcm9qZWN0cy9nbWItb25lcmVwdXRlL2RhdGFiYXNlcy8oZGVmYXVsdCkvY29sbGVjdGlvbkdyb3Vwcy9hY3Rpdml0eUxvZ3MvaW5kZXhlcy9fEAEaCgoGc3RhdHVzEAEaDQoJdGltZXN0YW1wEAIaDAoIX19uYW1lX18QAg"}
2026-05-28T10:09:21.891Z [ERROR]: [AdminRoute] Failed to fetch logs {"error":"9 FAILED_PRECONDITION: The query requires an index. You can create it here: https://console.firebase.google.com/v1/r/project/gmb-onerepute/firestore/indexes?create_composite=ClJwcm9qZWN0cy9nbWItb25lcmVwdXRlL2RhdGFiYXNlcy8oZGVmYXVsdCkvY29sbGVjdGlvbkdyb3Vwcy9hY3Rpdml0eUxvZ3MvaW5kZXhlcy9fEAEaCgoGc3RhdHVzEAEaDQoJdGltZXN0YW1wEAIaDAoIX19uYW1lX18QAg"}
2026-05-28T10:10:08.800Z [ERROR]: [AdminRoute] Failed to fetch logs {"error":"9 FAILED_PRECONDITION: The query requires an index. You can create it here: https://console.firebase.google.com/v1/r/project/gmb-onerepute/firestore/indexes?create_composite=ClJwcm9qZWN0cy9nbWItb25lcmVwdXRlL2RhdGFiYXNlcy8oZGVmYXVsdCkvY29sbGVjdGlvbkdyb3Vwcy9hY3Rpdml0eUxvZ3MvaW5kZXhlcy9fEAEaCgoGc3RhdHVzEAEaDQoJdGltZXN0YW1wEAIaDAoIX19uYW1lX18QAg"}
2026-05-28T10:10:09.939Z [ERROR]: [AdminRoute] Failed to fetch logs {"error":"9 FAILED_PRECONDITION: The query requires an index. You can create it here: https://console.firebase.google.com/v1/r/project/gmb-onerepute/firestore/indexes?create_composite=ClJwcm9qZWN0cy9nbWItb25lcmVwdXRlL2RhdGFiYXNlcy8oZGVmYXVsdCkvY29sbGVjdGlvbkdyb3Vwcy9hY3Rpdml0eUxvZ3MvaW5kZXhlcy9fEAEaCgoGc3RhdHVzEAEaDQoJdGltZXN0YW1wEAIaDAoIX19uYW1lX18QAg"}
2026-05-28T10:10:11.416Z [ERROR]: [AdminRoute] Failed to fetch logs {"error":"9 FAILED_PRECONDITION: The query requires an index. You can create it here: https://console.firebase.google.com/v1/r/project/gmb-onerepute/firestore/indexes?create_composite=ClJwcm9qZWN0cy9nbWItb25lcmVwdXRlL2RhdGFiYXNlcy8oZGVmYXVsdCkvY29sbGVjdGlvbkdyb3Vwcy9hY3Rpdml0eUxvZ3MvaW5kZXhlcy9fEAEaCgoGc3RhdHVzEAEaDQoJdGltZXN0YW1wEAIaDAoIX19uYW1lX18QAg"}
2026-05-28T10:10:12.560Z [ERROR]: [AdminRoute] Failed to fetch logs {"error":"9 FAILED_PRECONDITION: The query requires an index. You can create it here: https://console.firebase.google.com/v1/r/project/gmb-onerepute/firestore/indexes?create_composite=ClJwcm9qZWN0cy9nbWItb25lcmVwdXRlL2RhdGFiYXNlcy8oZGVmYXVsdCkvY29sbGVjdGlvbkdyb3Vwcy9hY3Rpdml0eUxvZ3MvaW5kZXhlcy9fEAEaCgoGc3RhdHVzEAEaDQoJdGltZXN0YW1wEAIaDAoIX19uYW1lX18QAg"}
2026-05-28T10:10:13.281Z [ERROR]: [AdminRoute] Failed to fetch logs {"error":"9 FAILED_PRECONDITION: The query requires an index. You can create it here: https://console.firebase.google.com/v1/r/project/gmb-onerepute/firestore/indexes?create_composite=ClJwcm9qZWN0cy9nbWItb25lcmVwdXRlL2RhdGFiYXNlcy8oZGVmYXVsdCkvY29sbGVjdGlvbkdyb3Vwcy9hY3Rpdml0eUxvZ3MvaW5kZXhlcy9fEAEaCgoGc3RhdHVzEAEaDQoJdGltZXN0YW1wEAIaDAoIX19uYW1lX18QAg"}
2026-05-28T10:10:14.406Z [ERROR]: [AdminRoute] Failed to fetch logs {"error":"9 FAILED_PRECONDITION: The query requires an index. You can create it here: https://console.firebase.google.com/v1/r/project/gmb-onerepute/firestore/indexes?create_composite=ClJwcm9qZWN0cy9nbWItb25lcmVwdXRlL2RhdGFiYXNlcy8oZGVmYXVsdCkvY29sbGVjdGlvbkdyb3Vwcy9hY3Rpdml0eUxvZ3MvaW5kZXhlcy9fEAEaCgoGc3RhdHVzEAEaDQoJdGltZXN0YW1wEAIaDAoIX19uYW1lX18QAg"}
2026-05-28T10:10:16.456Z [ERROR]: [AdminRoute] Failed to fetch logs {"error":"9 FAILED_PRECONDITION: The query requires an index. You can create it here: https://console.firebase.google.com/v1/r/project/gmb-onerepute/firestore/indexes?create_composite=ClJwcm9qZWN0cy9nbWItb25lcmVwdXRlL2RhdGFiYXNlcy8oZGVmYXVsdCkvY29sbGVjdGlvbkdyb3Vwcy9hY3Rpdml0eUxvZ3MvaW5kZXhlcy9fEAEaCgoGc3RhdHVzEAEaDQoJdGltZXN0YW1wEAIaDAoIX19uYW1lX18QAg"}
2026-05-28T10:10:19.094Z [ERROR]: [AdminRoute] Failed to fetch logs {"error":"9 FAILED_PRECONDITION: The query requires an index. You can create it here: https://console.firebase.google.com/v1/r/project/gmb-onerepute/firestore/indexes?create_composite=ClJwcm9qZWN0cy9nbWItb25lcmVwdXRlL2RhdGFiYXNlcy8oZGVmYXVsdCkvY29sbGVjdGlvbkdyb3Vwcy9hY3Rpdml0eUxvZ3MvaW5kZXhlcy9fEAEaCgoGc3RhdHVzEAEaDQoJdGltZXN0YW1wEAIaDAoIX19uYW1lX18QAg"}
2026-05-28T10:10:23.540Z [ERROR]: [AdminRoute] Failed to fetch logs {"error":"9 FAILED_PRECONDITION: The query requires an index. You can create it here: https://console.firebase.google.com/v1/r/project/gmb-onerepute/firestore/indexes?create_composite=ClJwcm9qZWN0cy9nbWItb25lcmVwdXRlL2RhdGFiYXNlcy8oZGVmYXVsdCkvY29sbGVjdGlvbkdyb3Vwcy9hY3Rpdml0eUxvZ3MvaW5kZXhlcy9fEAEaCgoGc3RhdHVzEAEaDQoJdGltZXN0YW1wEAIaDAoIX19uYW1lX18QAg"}
2026-05-28T10:10:36.323Z [ERROR]: [AdminRoute] Failed to fetch logs {"error":"9 FAILED_PRECONDITION: The query requires an index. You can create it here: https://console.firebase.google.com/v1/r/project/gmb-onerepute/firestore/indexes?create_composite=ClJwcm9qZWN0cy9nbWItb25lcmVwdXRlL2RhdGFiYXNlcy8oZGVmYXVsdCkvY29sbGVjdGlvbkdyb3Vwcy9hY3Rpdml0eUxvZ3MvaW5kZXhlcy9fEAEaCgoGc3RhdHVzEAEaDQoJdGltZXN0YW1wEAIaDAoIX19uYW1lX18QAg"}
2026-05-28T10:10:41.194Z [ERROR]: [AdminRoute] Failed to fetch logs {"error":"9 FAILED_PRECONDITION: The query requires an index. You can create it here: https://console.firebase.google.com/v1/r/project/gmb-onerepute/firestore/indexes?create_composite=ClJwcm9qZWN0cy9nbWItb25lcmVwdXRlL2RhdGFiYXNlcy8oZGVmYXVsdCkvY29sbGVjdGlvbkdyb3Vwcy9hY3Rpdml0eUxvZ3MvaW5kZXhlcy9fEAEaCgoGc3RhdHVzEAEaDQoJdGltZXN0YW1wEAIaDAoIX19uYW1lX18QAg"}
2026-05-28T10:10:43.844Z [ERROR]: [AdminRoute] Failed to fetch logs {"error":"9 FAILED_PRECONDITION: The query requires an index. You can create it here: https://console.firebase.google.com/v1/r/project/gmb-onerepute/firestore/indexes?create_composite=ClJwcm9qZWN0cy9nbWItb25lcmVwdXRlL2RhdGFiYXNlcy8oZGVmYXVsdCkvY29sbGVjdGlvbkdyb3Vwcy9hY3Rpdml0eUxvZ3MvaW5kZXhlcy9fEAEaCgoGc3RhdHVzEAEaDQoJdGltZXN0YW1wEAIaDAoIX19uYW1lX18QAg"}
2026-05-28T10:10:44.766Z [ERROR]: [AdminRoute] Failed to fetch logs {"error":"9 FAILED_PRECONDITION: The query requires an index. You can create it here: https://console.firebase.google.com/v1/r/project/gmb-onerepute/firestore/indexes?create_composite=ClJwcm9qZWN0cy9nbWItb25lcmVwdXRlL2RhdGFiYXNlcy8oZGVmYXVsdCkvY29sbGVjdGlvbkdyb3Vwcy9hY3Rpdml0eUxvZ3MvaW5kZXhlcy9fEAEaCgoGc3RhdHVzEAEaDQoJdGltZXN0YW1wEAIaDAoIX19uYW1lX18QAg"}
2026-05-28T10:10:45.694Z [ERROR]: [AdminRoute] Failed to fetch logs {"error":"9 FAILED_PRECONDITION: The query requires an index. You can create it here: https://console.firebase.google.com/v1/r/project/gmb-onerepute/firestore/indexes?create_composite=ClJwcm9qZWN0cy9nbWItb25lcmVwdXRlL2RhdGFiYXNlcy8oZGVmYXVsdCkvY29sbGVjdGlvbkdyb3Vwcy9hY3Rpdml0eUxvZ3MvaW5kZXhlcy9fEAEaCgoGc3RhdHVzEAEaDQoJdGltZXN0YW1wEAIaDAoIX19uYW1lX18QAg"}
2026-05-28T10:10:47.670Z [ERROR]: [AdminRoute] Failed to fetch logs {"error":"9 FAILED_PRECONDITION: The query requires an index. You can create it here: https://console.firebase.google.com/v1/r/project/gmb-onerepute/firestore/indexes?create_composite=ClJwcm9qZWN0cy9nbWItb25lcmVwdXRlL2RhdGFiYXNlcy8oZGVmYXVsdCkvY29sbGVjdGlvbkdyb3Vwcy9hY3Rpdml0eUxvZ3MvaW5kZXhlcy9fEAEaCgoGc3RhdHVzEAEaDQoJdGltZXN0YW1wEAIaDAoIX19uYW1lX18QAg"}
